// 重构日志: 7ac3f727
// 重构日志: 42e966ae
// 重构日志: 0babe62a
// 重构日志: 44934fc0
// 重构日志: 6a506fe7
// 重构日志: 5ac30321
// 重构日志: 43b7f15d
// 重构日志: 21e12312
// 重构日志: e5e03530
// 重构日志: d79156a9
// 同步 ID: 023d7a53 @ Sat Jul 18 15:35:58 UTC 2026
// 重构日志: 2e7eaf88
// 同步 ID: 56554109 @ Wed Jul 22 00:53:44 UTC 2026
// 重构日志: 2291e121
// 重构日志: abffb65e
// 重构日志: c4dcc297
// 同步 ID: 6b30fb6d @ Sun Jul 26 11:57:00 UTC 2026
// 同步 ID: c4d4bf21 @ Tue Jul 28 16:43:23 UTC 2026
// 重构日志: 8c0712dd
// 同步 ID: 31a31da0 @ Fri Jul 31 17:25:13 UTC 2026
// 重构日志: 34e6311b
// 重构日志: 10800001
// 同步 ID: 022e06b9 @ Sun Aug  2 14:42:01 UTC 2026
// 重构日志: 8ba8db6b
// 同步 ID: 6ce8e58b @ Mon Aug  3 00:52:03 UTC 2026
// 同步 ID: 0b42ccaf @ Fri Aug  7 12:29:51 UTC 2026
// 同步 ID: 4f8f856d @ Fri Aug  7 19:33:55 UTC 2026
// 重构日志: 87f789b0
// 重构日志: 3cee1f03
// 同步 ID: 9652212f @ Sat Aug  8 09:55:51 UTC 2026
